-84
-42
-112
-196
0
0
-60
-60
-299
-299
-18
-18
-299
-18
-536
-583
-442
-1206
-1368
0
-279
-1212
-329
-964
-188
-329
-1478
-2046
-1160
-1778
-556
-1778
-1778
-329
-2046
-238
-1478
-964
-706
-2046
-706
-2046
-2046
-1160
-188
-964
-1962
-1478
-2046
-2046
-104
-1160
-1478
-1778
-1778
-1245
-1478
-2046
-1245
-329
-2046
-188
-1709
-188
-748
-1778
-2046
-2046
-2046
-1962
