0 29 18 14 34 
19 0 4 20 5 
30 11 0 31 16 
31 54 49 0 59 
14 36 25 15 0 
