0 9 23 24 11 32 7 44 5 3 
68 0 14 38 26 34 22 35 17 18 
27 36 0 44 20 20 8 21 32 30 
59 46 58 0 29 69 30 79 46 40 
20 29 29 37 0 49 1 50 17 23 
45 44 58 52 46 0 42 37 50 38 
19 28 41 36 12 51 0 62 24 22 
8 15 29 32 17 38 13 0 13 9 
52 47 61 66 62 81 59 72 0 55 
23 6 20 40 8 29 4 41 23 0 
